main.c:167:5:main	8	static
main.c:364:6:SystemClock_Config	72	static
main.c:402:13:MX_TIM2_Init	32	static
main.c:447:13:MX_USART1_UART_Init	8	static
main.c:480:13:MX_GPIO_Init	40	static
main.c:540:6:HAL_UART_RxCpltCallback	16	static
main.c:583:6:HAL_TIM_PeriodElapsedCallback	16	static
main.c:623:6:Limpia_Recep	16	static
main.c:653:6:Limpia_Pr	16	static
main.c:664:5:Valida_Cksum	16	static
main.c:693:6:Lectura_Trama_Puestos	16	static
main.c:724:5:Lectura_Trama	24	static
main.c:779:6:Genera_Trama_ACK_ERROR	16	static
main.c:851:6:Genera_Trama_RLT	16	static
main.c:955:6:Genera_Valores_RLT	24	static
main.c:980:5:Valida_Entradas	16	static
main.c:997:6:Envio_tx	8	static
main.c:1011:6:Refresca_Display	16	static
main.c:1153:6:Error_Handler	4	static
