main.c:167:5:main	8	static
main.c:353:6:SystemClock_Config	72	static
main.c:391:13:MX_TIM2_Init	32	static
main.c:436:13:MX_USART1_UART_Init	8	static
main.c:469:13:MX_GPIO_Init	40	static
main.c:529:6:HAL_UART_RxCpltCallback	16	static
main.c:572:6:HAL_TIM_PeriodElapsedCallback	16	static
main.c:612:6:Limpia_Recep	16	static
main.c:642:6:Limpia_Pr	16	static
main.c:653:5:Valida_Cksum	16	static
main.c:682:6:Lectura_Trama_Puestos	16	static
main.c:713:5:Lectura_Trama	24	static
main.c:768:6:Genera_Trama_ACK_ERROR	16	static
main.c:840:6:Genera_Trama_RLT	16	static
main.c:944:6:Genera_Valores_RLT	24	static
main.c:969:5:Valida_Entradas	16	static
main.c:986:6:Envio_tx	8	static
main.c:1000:6:Refresca_Display	16	static
main.c:1142:6:Error_Handler	4	static
